Traceback (most recent call last):
  File "/root/autodl-tmp/PerFRDiffRender/inference_api.py", line 40, in <module>
    from utils.render import Render
  File "/root/autodl-tmp/PerFRDiffRender/utils/render.py", line 8, in <module>
    from external.FaceVerse import get_faceverse
  File "/root/autodl-tmp/PerFRDiffRender/external/FaceVerse/__init__.py", line 1, in <module>
    from .FaceVerseModel import FaceVerseModel
  File "/root/autodl-tmp/PerFRDiffRender/external/FaceVerse/FaceVerseModel.py", line 6, in <module>
    from .ModelRenderer import ModelRenderer
  File "/root/autodl-tmp/PerFRDiffRender/external/FaceVerse/ModelRenderer.py", line 4, in <module>
    from pytorch3d.structures import Meshes
ModuleNotFoundError: No module named 'pytorch3d'
Traceback (most recent call last):
  File "/root/autodl-tmp/PerFRDiffRender/inference_api.py", line 40, in <module>
    from utils.render import Render
  File "/root/autodl-tmp/PerFRDiffRender/utils/render.py", line 8, in <module>
    from external.FaceVerse import get_faceverse
  File "/root/autodl-tmp/PerFRDiffRender/external/FaceVerse/__init__.py", line 1, in <module>
    from .FaceVerseModel import FaceVerseModel
  File "/root/autodl-tmp/PerFRDiffRender/external/FaceVerse/FaceVerseModel.py", line 6, in <module>
    from .ModelRenderer import ModelRenderer
  File "/root/autodl-tmp/PerFRDiffRender/external/FaceVerse/ModelRenderer.py", line 4, in <module>
    from pytorch3d.structures import Meshes
ModuleNotFoundError: No module named 'pytorch3d'
Traceback (most recent call last):
  File "/root/autodl-tmp/PerFRDiffRender/inference_api.py", line 40, in <module>
    from utils.render import Render
  File "/root/autodl-tmp/PerFRDiffRender/utils/render.py", line 8, in <module>
    from external.FaceVerse import get_faceverse
  File "/root/autodl-tmp/PerFRDiffRender/external/FaceVerse/__init__.py", line 1, in <module>
    from .FaceVerseModel import FaceVerseModel
  File "/root/autodl-tmp/PerFRDiffRender/external/FaceVerse/FaceVerseModel.py", line 6, in <module>
    from .ModelRenderer import ModelRenderer
  File "/root/autodl-tmp/PerFRDiffRender/external/FaceVerse/ModelRenderer.py", line 4, in <module>
    from pytorch3d.structures import Meshes
ModuleNotFoundError: No module named 'pytorch3d'
Traceback (most recent call last):
  File "/root/autodl-tmp/PerFRDiffRender/inference_api.py", line 40, in <module>
    from utils.render import Render
  File "/root/autodl-tmp/PerFRDiffRender/utils/render.py", line 8, in <module>
    from external.FaceVerse import get_faceverse
  File "/root/autodl-tmp/PerFRDiffRender/external/FaceVerse/__init__.py", line 1, in <module>
    from .FaceVerseModel import FaceVerseModel
  File "/root/autodl-tmp/PerFRDiffRender/external/FaceVerse/FaceVerseModel.py", line 6, in <module>
    from .ModelRenderer import ModelRenderer
  File "/root/autodl-tmp/PerFRDiffRender/external/FaceVerse/ModelRenderer.py", line 4, in <module>
    from pytorch3d.structures import Meshes
ModuleNotFoundError: No module named 'pytorch3d'
